// Jest Snapshot v1, https://goo.gl/fbAQLP

exports[`ItemDetails for Method renders correctly 1`] = `
<div>
  <div
    className="main-contents"
  >
    <div
      className="detailed-case-component container-fluid"
    >
      <div
        className="row"
      >
        <div
          className="hidden-sm-down sidepanel hidden-sm-down col col-md-3"
        >
          <div />
          <div />
          <div>
            <p
              className="sub-heading"
            />
            <p
              className="sub-sub-heading"
            />
            <div
              className="tags"
            />
            <div />
            <div>
              <p
                className="sub-sub-heading"
              />
              <div
                className="links"
              >
                <div>
                  <a
                    href="link%201"
                    onClick={[Function]}
                    target="_blank"
                  >
                    link 1
                  </a>
                </div>
                <div>
                  <a
                    href="link%202"
                    onClick={[Function]}
                    target="_blank"
                  >
                    link 2
                  </a>
                </div>
                <div>
                  <a
                    href="link%203"
                    onClick={[Function]}
                    target="_blank"
                  >
                    link 3
                  </a>
                </div>
              </div>
            </div>
            <div />
            <div />
            <div />
            <div />
            <div />
            <div>
              <p
                className="sub-sub-heading"
              />
              <div
                className="facilitated"
              />
            </div>
            <div />
            <div />
            <div />
            <div />
            <div />
            <div />
            <div />
            <div />
            <div />
            <div />
            <div />
            <div />
          </div>
          <div />
        </div>
        <div
          className="main-area col-12 col-md-8"
        >
          <div
            className="case-box"
          >
            <h2
              className="category"
            />
            <h2
              className="case-title"
            >
              Petition
            </h2>
            <ul
              className="icons-mobile clearfix hidden-sm-up"
            >
              <li />
              <li>
                <div
                  className="SocialMediaShareButton SocialMediaShareButton--facebook"
                  onClick={[Function]}
                  onKeyPress={[Function]}
                  role="button"
                  style={Object {}}
                  tabIndex="0"
                >
                  <img
                    alt=""
                    src="pp-case-icon-fb.svg"
                  />
                </div>
              </li>
              <li>
                <div
                  className="SocialMediaShareButton SocialMediaShareButton--twitter"
                  onClick={[Function]}
                  onKeyPress={[Function]}
                  role="button"
                  style={Object {}}
                  tabIndex="0"
                >
                  <img
                    alt=""
                    src="pp-case-icon-tw.svg"
                  />
                </div>
              </li>
            </ul>
            <div />
            <div
              className="authorship-details"
            >
              <p
                className="author-line"
              >
                First submitted by 
                <a
                  href="/users/undefined"
                  onClick={[Function]}
                >
                  Gsmith
                </a>
              </p>
              <p
                className="date-line"
              >
                <TimeAgo />
              </p>
              <p
                className="author-line"
              >
                Most recent changes by 
                <a
                  href="/users/undefined"
                  onClick={[Function]}
                >
                  Gsmith
                </a>
              </p>
              <p
                className="date-line"
              >
                <TimeAgo />
              </p>
            </div>
            <div
              className="case-html"
              dangerouslySetInnerHTML={
                Object {
                  "__html": "**Definition**
                
                **Problems and Purpose**
                
                **History**
                
                **Participant Selection**
                
                **Deliberation, Decisions, and Public Interaction**
                
                **Influence, Outcomes, and Effects**
                
                **Analysis and Criticism**
                
                **Secondary Sources**
                
                **External Links**
                
                **Notes**",
                }
              }
            />
          </div>
        </div>
        <div
          className="case-tools hidden-sm-down col col-md-1"
        >
          <div
            className="top-icons"
          >
            <div
              className="SocialMediaShareButton SocialMediaShareButton--facebook"
              onClick={[Function]}
              onKeyPress={[Function]}
              role="button"
              style={Object {}}
              tabIndex="0"
            >
              <img
                alt=""
                src="pp-case-icon-fb.svg"
              />
            </div>
            <div
              className="SocialMediaShareButton SocialMediaShareButton--twitter"
              onClick={[Function]}
              onKeyPress={[Function]}
              role="button"
              style={Object {}}
              tabIndex="0"
            >
              <img
                alt=""
                src="pp-case-icon-tw.svg"
              />
            </div>
            <div
              className="SocialMediaShareButton SocialMediaShareButton--linkedin"
              onClick={[Function]}
              onKeyPress={[Function]}
              role="button"
              style={Object {}}
              tabIndex="0"
            >
              <img
                alt=""
                src="pp-case-icon-ln.png"
              />
            </div>
          </div>
        </div>
      </div>
    </div>
    <a
      href="/method/undefined/edit"
      onClick={[Function]}
    />
  </div>
</div>
`;

exports[`Method editor renders correctly 1`] = `
<form
  onSubmit={[Function]}
>
  <div
    className="main-contents"
  >
    <div
      className="detailed-case-component container-fluid"
    >
      <div
        className="hidden-sm-down sidepanel hidden-sm-down col col-md-3"
      />
      <div
        className="main-area col-12 col-md-8"
      >
        <div
          className="case-box"
        >
          <div
            className="sub-heading title-edit"
          >
            <label
              htmlFor="title"
            />
          </div>
          <Textfield
            className="custom-field"
            disabled={false}
            errorText={undefined}
            floatingLabelText=""
            fullWidth={true}
            hintText={null}
            name="title"
            onBlur={[Function]}
            onChange={[Function]}
            onKeyDown={[Function]}
            placeholder={undefined}
            type="text"
            value="Petition"
          />
          <p
            className="sub-heading"
          />
          <div>
            <div
              className="list links"
            />
          </div>
          <p
            className="sub-heading"
          />
          <div
            className="itemPics pb-1 row"
          >
            <div
              className="p-0 col col-md-12"
            >
              <div>
                Sorry, upload only works if you're logged in.
              </div>
            </div>
          </div>
          <div>
            <div
              className="list videos"
            />
          </div>
          <p
            className="sub-heading"
          />
          <div
            className="tags-field"
          />
        </div>
        <div>
          <div>
            <div>
              <p
                className="sub-heading"
              />
            </div>
            <div>
              <label
                className="sub-heading"
                htmlFor="body_en"
              />
            </div>
            <div>
              <p
                className="sub-heading"
              />
            </div>
            <div>
              <p
                className="sub-heading"
              />
            </div>
            <div>
              <p
                className="sub-heading"
              />
            </div>
            <div>
              <p
                className="sub-heading"
              />
            </div>
            <div>
              <p
                className="sub-heading"
              />
              <div
                className="facilitated"
              />
            </div>
            <div>
              <p
                className="sub-heading"
              />
            </div>
            <div>
              <p
                className="sub-heading"
              />
            </div>
            <div>
              <p
                className="sub-heading"
              />
            </div>
            <div>
              <p
                className="sub-heading"
              />
            </div>
            <div>
              <p
                className="sub-heading"
              />
            </div>
            <div>
              <p
                className="sub-heading"
              />
            </div>
            <div>
              <p
                className="sub-heading"
              />
            </div>
            <div>
              <p
                className="sub-heading"
              />
            </div>
            <div>
              <p
                className="sub-heading"
              />
            </div>
            <div>
              <p
                className="sub-heading"
              />
            </div>
            <div>
              <p
                className="sub-heading"
              />
            </div>
            <p
              className="sub-heading"
            >
              Related Content
            </p>
            <div
              className="related-content"
            >
              <div
                className="sub-sub-heading"
              />
              <div
                className="sub-sub-heading"
              />
              <div
                className="sub-sub-heading"
              />
            </div>
          </div>
        </div>
      </div>
    </div>
  </div>
</form>
`;
