// Jest Snapshot v1, https://goo.gl/fbAQLP

exports[`ItemDetails for Method renders correctly 1`] = `
<div>
  <div
    className="main-contents"
  >
    <div
      className="detailed-case-component container-fluid"
    >
      <div
        className="row"
      >
        <div
          className="hidden-sm-down sidepanel hidden-sm-down col col-md-3"
        >
          <div />
          <div>
            <p
              className="sub-heading"
            >
              Keywords
            </p>
            <p
              className="sub-sub-heading"
            >
              Tags:
            </p>
            <div
              className="tags"
            />
            <div />
            <p
              className="sub-sub-heading"
            >
              Specific Topic:
            </p>
            <div
              className="tags"
            />
            <div />
            <div />
            <div />
            <div />
            <div />
            <div />
            <div />
            <div />
            <div />
            <div />
            <div />
            <div />
            <div />
            <div />
            <div />
            <div />
            <div />
            <div />
          </div>
          <div />
        </div>
        <div
          className="main-area col-12 col-md-8"
        >
          <div
            className="case-box"
          >
            <h2
              className="category"
            />
            <h2
              className="case-title"
            >
              Petition
            </h2>
            <ul
              className="icons-mobile clearfix hidden-sm-up"
            >
              <li />
              <li>
                <div
                  className="SocialMediaShareButton SocialMediaShareButton--facebook"
                  onClick={[Function]}
                  style={Object {}}
                >
                  <img
                    alt=""
                    src="pp-case-icon-fb.svg"
                  />
                </div>
              </li>
              <li>
                <div
                  className="SocialMediaShareButton SocialMediaShareButton--twitter"
                  onClick={[Function]}
                  style={Object {}}
                >
                  <img
                    alt=""
                    src="pp-case-icon-tw.svg"
                  />
                </div>
              </li>
            </ul>
            <div />
            <div
              className="authorship-details"
            >
              <p
                className="author-line"
              >
                First submitted by 
                <a
                  href="/users/undefined"
                  onClick={[Function]}
                >
                  Gsmith
                </a>
              </p>
              <p
                className="date-line"
              >
                <time
                  dateTime="2011-11-30T17:20:28.000Z"
                  title="2011-11-30T17:20:28"
                >
                  6 years ago
                </time>
              </p>
              <p
                className="author-line"
              >
                Most recent changes by 
                <a
                  href="/users/undefined"
                  onClick={[Function]}
                >
                  Gsmith
                </a>
              </p>
              <p
                className="date-line"
              >
                <time
                  dateTime="2011-12-01T19:31:01.000Z"
                  title="2011-12-01T19:31:01"
                >
                  5 years ago
                </time>
              </p>
            </div>
            <div
              className="case-html"
              dangerouslySetInnerHTML={
                Object {
                  "__html": "**Definition**
                
                **Problems and Purpose**
                
                **History**
                
                **Participant Selection**
                
                **Deliberation, Decisions, and Public Interaction**
                
                **Influence, Outcomes, and Effects**
                
                **Analysis and Criticism**
                
                **Secondary Sources**
                
                **External Links**
                
                **Notes**",
                }
              }
            />
          </div>
        </div>
        <div
          className="case-tools hidden-sm-down col col-md-1"
        >
          <div
            className="top-icons"
          >
            <div
              className="SocialMediaShareButton SocialMediaShareButton--facebook"
              onClick={[Function]}
              style={Object {}}
            >
              <img
                alt=""
                src="pp-case-icon-fb.svg"
              />
            </div>
            <div
              className="SocialMediaShareButton SocialMediaShareButton--twitter"
              onClick={[Function]}
              style={Object {}}
            >
              <img
                alt=""
                src="pp-case-icon-tw.svg"
              />
            </div>
            <div
              className="SocialMediaShareButton SocialMediaShareButton--linkedin"
              onClick={[Function]}
              style={Object {}}
            >
              <img
                alt=""
                src="pp-case-icon-ln.png"
              />
            </div>
          </div>
        </div>
      </div>
    </div>
    <a
      href="/method/undefined/edit"
      onClick={[Function]}
    />
  </div>
</div>
`;
