// Jest Snapshot v1, https://goo.gl/fbAQLP

exports[`ItemDetails for Method renders correctly 1`] = `
<div>
  <div
    className="main-contents"
  >
    <div
      className="detailed-case-component container-fluid"
    >
      <div
        className="row"
      >
        <div
          className="d-none d-sm-block d-md-block d-lg-block d-xl-block sidepanel col col-md-3"
        >
          <div />
          <div />
          <div />
          <div />
          <div>
            <p
              className="d-none d-sm-block d-md-block d-lg-block d-xl-block sub-heading"
            >
              <span>
                Data
              </span>
            </p>
            <p
              className="sub-sub-heading"
            >
              <span>
                Tags
              </span>
            </p>
            <div
              className="tags"
            />
            <div />
            <div>
              <p
                className="sub-sub-heading"
              >
                <span>
                  Relevant Links (URLs)
                </span>
              </p>
              <div
                className="links"
              >
                <div>
                  <a
                    href="http://link 1"
                    target="_blank"
                  >
                    link 1
                  </a>
                </div>
                <div>
                  <a
                    href="http://link 2"
                    target="_blank"
                  >
                    link 2
                  </a>
                </div>
                <div>
                  <a
                    href="http://link 3"
                    target="_blank"
                  >
                    link 3
                  </a>
                </div>
              </div>
            </div>
            <div />
            <div />
            <div />
            <div />
            <div />
            <div>
              <p
                className="sub-sub-heading"
              >
                <span>
                  Facilitated
                </span>
              </p>
              <div
                className="facilitated"
              >
                <span>
                  false
                </span>
              </div>
            </div>
            <div />
            <div />
            <div />
            <div />
            <div />
            <div />
            <div />
            <div />
            <div />
            <div />
            <div />
            <div />
          </div>
        </div>
        <div
          className="main-area col-12 col-md-8"
        >
          <div
            className="case-box"
          >
            <h2
              className="category"
            >
              <span>
                Method
              </span>
            </h2>
            <h2
              className="case-title"
            >
              Petition
            </h2>
            <ul
              className="icons-mobile clearfix d-md-none d-lg-none d-xl-none"
            >
              <li />
              <li>
                <div
                  className="SocialMediaShareButton SocialMediaShareButton--facebook"
                  onClick={[Function]}
                  onKeyPress={[Function]}
                  role="button"
                  style={Object {}}
                  tabIndex="0"
                >
                  <img
                    alt=""
                    src="pp-case-icon-fb.svg"
                  />
                </div>
              </li>
              <li>
                <div
                  className="SocialMediaShareButton SocialMediaShareButton--twitter"
                  onClick={[Function]}
                  onKeyPress={[Function]}
                  role="button"
                  style={Object {}}
                  tabIndex="0"
                >
                  <img
                    alt=""
                    src="pp-case-icon-tw.svg"
                  />
                </div>
              </li>
              <li>
                <div
                  className="SocialMediaShareButton SocialMediaShareButton--linkedin"
                  onClick={[Function]}
                  onKeyPress={[Function]}
                  role="button"
                  style={Object {}}
                  tabIndex="0"
                >
                  <img
                    alt=""
                    src="pp-case-icon-ln.png"
                  />
                </div>
              </li>
            </ul>
            <div />
            <div
              className="mobile-metadata accordion d-md-none d-lg-none d-xl-none"
            >
              <div
                className="tab"
                onClick={[Function]}
              >
                <p
                  className="title"
                >
                  <span>
                    Related Content
                  </span>
                </p>
                <div
                  className="content"
                >
                  <div />
                </div>
              </div>
              <div
                className="tab"
                onClick={[Function]}
              >
                <p
                  className="title"
                >
                  <span>
                    Method Data
                  </span>
                </p>
                <div
                  className="content"
                >
                  <div>
                    <p
                      className="d-none d-sm-block d-md-block d-lg-block d-xl-block sub-heading"
                    >
                      <span>
                        Data
                      </span>
                    </p>
                    <p
                      className="sub-sub-heading"
                    >
                      <span>
                        Tags
                      </span>
                    </p>
                    <div
                      className="tags"
                    />
                    <div />
                    <div>
                      <p
                        className="sub-sub-heading"
                      >
                        <span>
                          Relevant Links (URLs)
                        </span>
                      </p>
                      <div
                        className="links"
                      >
                        <div>
                          <a
                            href="http://link 1"
                            target="_blank"
                          >
                            link 1
                          </a>
                        </div>
                        <div>
                          <a
                            href="http://link 2"
                            target="_blank"
                          >
                            link 2
                          </a>
                        </div>
                        <div>
                          <a
                            href="http://link 3"
                            target="_blank"
                          >
                            link 3
                          </a>
                        </div>
                      </div>
                    </div>
                    <div />
                    <div />
                    <div />
                    <div />
                    <div />
                    <div>
                      <p
                        className="sub-sub-heading"
                      >
                        <span>
                          Facilitated
                        </span>
                      </p>
                      <div
                        className="facilitated"
                      >
                        <span>
                          false
                        </span>
                      </div>
                    </div>
                    <div />
                    <div />
                    <div />
                    <div />
                    <div />
                    <div />
                    <div />
                    <div />
                    <div />
                    <div />
                    <div />
                    <div />
                  </div>
                </div>
              </div>
            </div>
            <div
              className="authorship-details"
            >
              <p
                className="author-line"
              >
                First submitted by 
                <a
                  href="/users/undefined"
                  onClick={[Function]}
                >
                  Gsmith
                </a>
              </p>
              <p
                className="date-line"
              >
                <span>
                  November 30, 2011
                </span>
              </p>
              <p
                className="author-line"
              >
                Most recent changes by 
                <a
                  href="/users/undefined"
                  onClick={[Function]}
                >
                  Gsmith
                </a>
              </p>
              <p
                className="date-line"
              >
                <span>
                  December 01, 2011
                </span>
              </p>
            </div>
            <div
              className="case-html"
              dangerouslySetInnerHTML={
                Object {
                  "__html": "**Definition**
                
                **Problems and Purpose**
                
                **History**
                
                **Participant Selection**
                
                **Deliberation, Decisions, and Public Interaction**
                
                **Influence, Outcomes, and Effects**
                
                **Analysis and Criticism**
                
                **Secondary Sources**
                
                **External Links**
                
                **Notes**",
                }
              }
            />
          </div>
        </div>
        <div
          className="case-tools d-none d-sm-block d-md-block d-lg-block d-xl-block col col-md-1"
        >
          <div
            className="top-icons"
          >
            <div
              className="SocialMediaShareButton SocialMediaShareButton--facebook"
              onClick={[Function]}
              onKeyPress={[Function]}
              role="button"
              style={Object {}}
              tabIndex="0"
            >
              <img
                alt=""
                src="pp-case-icon-fb.svg"
              />
            </div>
            <div
              className="SocialMediaShareButton SocialMediaShareButton--twitter"
              onClick={[Function]}
              onKeyPress={[Function]}
              role="button"
              style={Object {}}
              tabIndex="0"
            >
              <img
                alt=""
                src="pp-case-icon-tw.svg"
              />
            </div>
            <div
              className="SocialMediaShareButton SocialMediaShareButton--linkedin"
              onClick={[Function]}
              onKeyPress={[Function]}
              role="button"
              style={Object {}}
              tabIndex="0"
            >
              <img
                alt=""
                src="pp-case-icon-ln.png"
              />
            </div>
          </div>
        </div>
      </div>
    </div>
    <a
      href="/method/undefined/edit"
      onClick={[Function]}
    />
  </div>
</div>
`;

exports[`Method editor renders correctly 1`] = `
<form
  onSubmit={[Function]}
>
  <div
    className="main-contents"
  >
    <div
      className="detailed-case-component container-fluid"
    >
      <div
        className="d-none d-sm-block d-md-block d-lg-block d-xl-block sidepanel col col-md-3"
      />
      <div
        className="ml-auto mr-auto col col-md-6"
      >
        <div
          className="case-box"
        >
          <div
            className="sub-heading top title-edit"
          >
            <label
              htmlFor="title"
            >
              <span>
                Name of Method
              </span>
            </label>
          </div>
          <Textfield
            className="custom-field"
            disabled={false}
            errorText={undefined}
            floatingLabelText=""
            fullWidth={true}
            hintText={null}
            name="title"
            onBlur={[Function]}
            onChange={[Function]}
            onKeyDown={[Function]}
            placeholder="Type to search for existing method or enter title"
            type="text"
            value="Petition"
          />
          <p
            className="sub-heading"
          >
            <span>
              Relevant Links (URLs)
            </span>
          </p>
          <div>
            <div
              className="list links"
            />
          </div>
          <p
            className="sub-heading"
          >
            <span>
              Media
            </span>
          </p>
          <div>
            <div
              className="itemPics pb-3 row"
            />
            <div>
              <span>
                Sorry, upload only works if you're logged in.
              </span>
            </div>
          </div>
          <div>
            <div
              className="list videos"
            />
          </div>
          <p
            className="sub-heading"
          >
            <span>
              Tags
            </span>
          </p>
          <div
            className="tags-field"
          />
        </div>
        <div>
          <div>
            <div>
              <p
                className="sub-heading"
              >
                General Issues
              </p>
            </div>
            <div>
              <label
                className="sub-heading"
                htmlFor="body_en"
              >
                Method description
              </label>
            </div>
            <div>
              <p
                className="sub-heading"
              >
                Kind of influence
              </p>
            </div>
            <div>
              <p
                className="sub-heading"
              >
                Communication Mode
              </p>
            </div>
            <div>
              <p
                className="sub-heading"
              >
                Communication with audience
              </p>
            </div>
            <div>
              <p
                className="sub-heading"
              >
                Face-to-face, online or both
              </p>
            </div>
            <div>
              <p
                className="sub-heading"
              >
                <span>
                  Facilitated
                </span>
              </p>
              <div
                className="facilitated"
              />
            </div>
            <div>
              <p
                className="sub-heading"
              >
                Best for
              </p>
            </div>
            <div>
              <p
                className="sub-heading"
              >
                Decision method
              </p>
            </div>
            <div>
              <p
                className="sub-heading"
              >
                Governance contribution
              </p>
            </div>
            <div>
              <p
                className="sub-heading"
              >
                Issue interdependency
              </p>
            </div>
            <div>
              <p
                className="sub-heading"
              >
                Issue polarization
              </p>
            </div>
            <div>
              <p
                className="sub-heading"
              >
                Issue technical complexity
              </p>
            </div>
            <div>
              <p
                className="sub-heading"
              >
                Public interaction method
              </p>
            </div>
            <div>
              <p
                className="sub-heading"
              >
                Method of interaction
              </p>
            </div>
            <div>
              <p
                className="sub-heading"
              >
                Typical funding source
              </p>
            </div>
            <div>
              <p
                className="sub-heading"
              >
                typical_implementing_entity
              </p>
            </div>
            <div>
              <p
                className="sub-heading"
              >
                typical_sponsoring_entity
              </p>
            </div>
            <p
              className="sub-heading"
            >
              Related Content
            </p>
            <div
              className="related-content"
            >
              <div
                className="sub-sub-heading"
              >
                <span>
                  Related cases
                </span>
              </div>
              <div
                className="sub-sub-heading"
              >
                <span>
                  Related methods
                </span>
              </div>
              <div
                className="sub-sub-heading"
              >
                <span>
                  Related organizations
                </span>
              </div>
            </div>
          </div>
        </div>
      </div>
    </div>
  </div>
</form>
`;
