// Jest Snapshot v1, https://goo.gl/fbAQLP

exports[`App 1`] = `
<div>
  <div
    className="nav-bar-component"
  >
    <div
      className="nav-bar-wrapper"
    >
      <div
        className="logo-area"
      >
        <a
          className="menu-icon"
          onClick={[Function]}
        >
          <svg
            onMouseEnter={[Function]}
            onMouseLeave={[Function]}
            style={
              Object {
                "color": "rgba(0, 0, 0, 0.87)",
                "display": "inline-block",
                "fill": "white",
                "height": 32,
                "muiPrepared": true,
                "transition": "all 450ms cubic-bezier(0.23, 1, 0.32, 1) 0ms",
                "userSelect": "none",
                "width": 32,
              }
            }
            viewBox="0 0 24 24"
          >
            <path
              d="M3 18h18v-2H3v2zm0-5h18v-2H3v2zm0-7v2h18V6H3z"
            />
          </svg>
        </a>
        <a
          className="logo"
          href="/"
          onClick={[Function]}
        >
          Participedia
        </a>
      </div>
      <div
        className="search-box-area"
      >
        <input
          className="search-bar"
          onChange={[Function]}
          onKeyUp={[Function]}
          placeholder="Search"
          type="text"
          value=""
        />
      </div>
      <a
        className="d-none d-none d-md-block d-lg-block d-xl-block"
        href="/new"
        onClick={[Function]}
      >
        <div
          className="qs-button-case"
        >
          <div
            className="qs-button customButton"
            style={
              Object {
                "WebkitTapHighlightColor": "rgba(0,0,0,0)",
                "backgroundColor": "#ffffff",
                "borderRadius": 2,
                "boxShadow": "0 1px 6px rgba(0, 0, 0, 0.12),
                       0 1px 4px rgba(0, 0, 0, 0.12)",
                "boxSizing": "border-box",
                "color": "rgba(0, 0, 0, 0.87)",
                "display": "inline-block",
                "fontFamily": "Roboto, sans-serif",
                "minWidth": 88,
                "muiPrepared": true,
                "transition": "all 450ms cubic-bezier(0.23, 1, 0.32, 1) 0ms",
              }
            }
          >
            <button
              disabled={false}
              href={undefined}
              onBlur={[Function]}
              onClick={[Function]}
              onFocus={[Function]}
              onKeyDown={[Function]}
              onKeyUp={[Function]}
              onMouseDown={[Function]}
              onMouseEnter={[Function]}
              onMouseLeave={[Function]}
              onMouseUp={[Function]}
              onTouchEnd={[Function]}
              onTouchStart={[Function]}
              onTouchTap={[Function]}
              style={
                Object {
                  "WebkitTapHighlightColor": "rgba(0, 0, 0, 0)",
                  "backgroundColor": "#ffffff",
                  "border": 10,
                  "borderRadius": 2,
                  "boxSizing": "border-box",
                  "cursor": "pointer",
                  "display": "inline-block",
                  "fontFamily": "Roboto, sans-serif",
                  "fontSize": "inherit",
                  "fontWeight": "inherit",
                  "height": 36,
                  "lineHeight": "36px",
                  "margin": 0,
                  "muiPrepared": true,
                  "outline": "none",
                  "padding": 0,
                  "position": "relative",
                  "textAlign": "center",
                  "textDecoration": "none",
                  "transition": "all 450ms cubic-bezier(0.23, 1, 0.32, 1) 0ms",
                  "verticalAlign": null,
                  "width": "100%",
                  "zIndex": 1,
                }
              }
              tabIndex={0}
              type="button"
            >
              <div
                onMouseDown={[Function]}
                onMouseLeave={[Function]}
                onMouseUp={[Function]}
                onTouchEnd={[Function]}
                onTouchStart={[Function]}
              >
                <div
                  style={
                    Object {
                      "backgroundColor": false,
                      "borderRadius": 2,
                      "height": 36,
                      "muiPrepared": true,
                      "top": 0,
                      "transition": "all 450ms cubic-bezier(0.23, 1, 0.32, 1) 0ms",
                    }
                  }
                >
                  <svg
                    onMouseEnter={[Function]}
                    onMouseLeave={[Function]}
                    style={
                      Object {
                        "color": "rgba(0, 0, 0, 0.87)",
                        "display": "inline-block",
                        "fill": "rgba(0, 0, 0, 0.87)",
                        "height": 24,
                        "marginLeft": 12,
                        "marginRight": 0,
                        "muiPrepared": true,
                        "transition": "all 450ms cubic-bezier(0.23, 1, 0.32, 1) 0ms",
                        "userSelect": "none",
                        "verticalAlign": "middle",
                        "width": 24,
                      }
                    }
                    viewBox="0 0 24 24"
                  >
                    <path
                      d="M19 13h-6v6h-2v-6H5v-2h6V5h2v6h6v2z"
                    />
                  </svg>
                  <span
                    style={
                      Object {
                        "color": "rgba(0, 0, 0, 0.87)",
                        "fontSize": 14,
                        "fontWeight": 500,
                        "letterSpacing": 0,
                        "margin": 0,
                        "muiPrepared": true,
                        "opacity": 1,
                        "paddingLeft": 8,
                        "paddingRight": 16,
                        "position": "relative",
                        "textTransform": "uppercase",
                        "userSelect": "none",
                      }
                    }
                  >
                    Quick Submit
                  </span>
                </div>
              </div>
            </button>
          </div>
        </div>
      </a>
      <div
        className="loginButton"
      >
        <div
          className="customButton"
          style={
            Object {
              "WebkitTapHighlightColor": "rgba(0,0,0,0)",
              "backgroundColor": "#ffffff",
              "borderRadius": 2,
              "boxShadow": "0 1px 6px rgba(0, 0, 0, 0.12),
                     0 1px 4px rgba(0, 0, 0, 0.12)",
              "boxSizing": "border-box",
              "color": "rgba(0, 0, 0, 0.87)",
              "display": "inline-block",
              "fontFamily": "Roboto, sans-serif",
              "minWidth": 88,
              "muiPrepared": true,
              "transition": "all 450ms cubic-bezier(0.23, 1, 0.32, 1) 0ms",
            }
          }
        >
          <button
            disabled={false}
            href={undefined}
            onBlur={[Function]}
            onClick={[Function]}
            onFocus={[Function]}
            onKeyDown={[Function]}
            onKeyUp={[Function]}
            onMouseDown={[Function]}
            onMouseEnter={[Function]}
            onMouseLeave={[Function]}
            onMouseUp={[Function]}
            onTouchEnd={[Function]}
            onTouchStart={[Function]}
            onTouchTap={[Function]}
            style={
              Object {
                "WebkitTapHighlightColor": "rgba(0, 0, 0, 0)",
                "backgroundColor": "#444",
                "border": 10,
                "borderRadius": 2,
                "boxSizing": "border-box",
                "cursor": "pointer",
                "display": "inline-block",
                "fontFamily": "Roboto, sans-serif",
                "fontSize": "inherit",
                "fontWeight": "inherit",
                "height": 36,
                "lineHeight": "36px",
                "margin": 0,
                "muiPrepared": true,
                "outline": "none",
                "padding": 0,
                "position": "relative",
                "textAlign": "center",
                "textDecoration": "none",
                "transition": "all 450ms cubic-bezier(0.23, 1, 0.32, 1) 0ms",
                "verticalAlign": null,
                "width": "100%",
                "zIndex": 1,
              }
            }
            tabIndex={0}
            type="button"
          >
            <div
              onMouseDown={[Function]}
              onMouseLeave={[Function]}
              onMouseUp={[Function]}
              onTouchEnd={[Function]}
              onTouchStart={[Function]}
            >
              <div
                style={
                  Object {
                    "backgroundColor": false,
                    "borderRadius": 2,
                    "height": 36,
                    "muiPrepared": true,
                    "top": 0,
                    "transition": "all 450ms cubic-bezier(0.23, 1, 0.32, 1) 0ms",
                  }
                }
              >
                <span
                  style={
                    Object {
                      "color": "white",
                      "fontSize": 14,
                      "fontWeight": 500,
                      "letterSpacing": 0,
                      "margin": 0,
                      "muiPrepared": true,
                      "opacity": 1,
                      "paddingLeft": 16,
                      "paddingRight": 16,
                      "position": "relative",
                      "textTransform": "uppercase",
                      "userSelect": "none",
                    }
                  }
                >
                  Login
                </span>
              </div>
            </div>
          </button>
        </div>
      </div>
    </div>
  </div>
  <div
    className="drawer"
    style={undefined}
  >
    <div
      className={undefined}
      onTouchTap={[Function]}
      style={
        Object {
          "WebkitTapHighlightColor": "rgba(0, 0, 0, 0)",
          "backgroundColor": "rgba(0, 0, 0, 0.54)",
          "height": "100%",
          "left": "-100%",
          "muiPrepared": true,
          "opacity": 0,
          "pointerEvents": "none",
          "position": "fixed",
          "top": 0,
          "transform": "translateZ(0)",
          "transition": "left 0ms cubic-bezier(0.23, 1, 0.32, 1) 400ms, opacity 400ms cubic-bezier(0.23, 1, 0.32, 1) 0ms",
          "width": "100%",
          "willChange": "opacity",
          "zIndex": 1200,
        }
      }
    />
    <div
      className={undefined}
      style={
        Object {
          "WebkitOverflowScrolling": "touch",
          "WebkitTapHighlightColor": "rgba(0,0,0,0)",
          "backgroundColor": "#ffffff",
          "borderRadius": "0px",
          "boxShadow": "0 3px 10px rgba(0, 0, 0, 0.16),
                 0 3px 10px rgba(0, 0, 0, 0.23)",
          "boxSizing": "border-box",
          "color": "rgba(0, 0, 0, 0.87)",
          "fontFamily": "Roboto, sans-serif",
          "height": "100%",
          "left": 0,
          "muiPrepared": true,
          "overflow": "auto",
          "position": "fixed",
          "top": 0,
          "transform": "translate(-310px, 0)",
          "transition": "transform 450ms cubic-bezier(0.23, 1, 0.32, 1) 0ms",
          "width": 300,
          "zIndex": 1300,
        }
      }
    />
  </div>
  <div
    className="contentArea"
  >
    <div
      className="home"
    >
      <div
        className="main-contents"
      >
        <div
          className="search-results-component pb-3 container-fluid"
        >
          <div
            className="sidepanel d-none d-sm-none d-md-none d-lg-none d-xl-none col col-md-3"
          >
            <div
              className="sorting-options"
            >
              <p
                className="current-sorting-selection"
                onClick={[Function]}
              >
                Most Recent
              </p>
              <div
                className="unselected"
                onClick={[Function]}
              >
                <span>
                  Featured
                </span>
              </div>
              <div
                className="selected"
                onClick={[Function]}
              >
                <span>
                  Most Recent
                </span>
              </div>
              <div
                className="unselected"
                onClick={[Function]}
              >
                <span>
                  Alphabetical
                </span>
              </div>
            </div>
            <div
              className="featured-searches-area"
            >
              <div
                className="featured-searches-header"
              >
                <span>
                  Featured Searches
                </span>
              </div>
              <div
                className="featured-searches"
              >
                <div>
                  <div>
                    <a
                      href="/search?query=participatory%20budgeting"
                      onClick={[Function]}
                    >
                      <span>
                        Mention Participatory Budgeting
                      </span>
                    </a>
                  </div>
                  <div>
                    <a
                      href="/search?tag=infrastructure"
                      onClick={[Function]}
                    >
                      <span>
                        Tagged as: Infrastructure
                      </span>
                    </a>
                  </div>
                </div>
              </div>
            </div>
          </div>
          <div
            className="results-area col col-md-12"
          >
            <div
              className="clearfix search-actions-area"
            >
              <div
                className="filters d-none d-md-block d-lg-block d-xl-block"
              >
                <div
                  className="selected"
                >
                  <a
                    href="/"
                    onClick={[Function]}
                  >
                    <span>
                      All
                    </span>
                  </a>
                </div>
                <div
                  className="unselected"
                >
                  <a
                    href="/cases"
                    onClick={[Function]}
                  >
                    <span>
                      Cases
                    </span>
                  </a>
                </div>
                <div
                  className="unselected"
                >
                  <a
                    href="/methods"
                    onClick={[Function]}
                  >
                    <span>
                      Methods
                    </span>
                  </a>
                </div>
                <div
                  className="unselected"
                >
                  <a
                    href="/organizations"
                    onClick={[Function]}
                  >
                    <span>
                      Organizations
                    </span>
                  </a>
                </div>
              </div>
              <select
                className="mobile-select d-md-none"
                onChange={[Function]}
                value="All"
              >
                <option
                  value="All"
                >
                  All
                </option>
                <option
                  value="Cases"
                >
                  Cases
                </option>
                <option
                  value="Methods"
                >
                  Methods
                </option>
                <option
                  value="Organizations"
                >
                  Organizations
                </option>
              </select>
              <div
                className="view-types d-none d-md-block d-lg-block d-xl-block"
              >
                <div
                  className="selected"
                  onClick={[Function]}
                >
                  <img
                    alt=""
                    className="grid-icon"
                    src="pp-search-grid-icon.png"
                  />
                  <img
                    alt=""
                    className="grid-icon"
                    src="pp-search-grid-icon-active.png"
                  />
                </div>
                <div
                  className="unselected"
                  onClick={[Function]}
                >
                  <img
                    alt=""
                    className="list-icon"
                    src="pp-search-list-icon.png"
                  />
                  <img
                    alt=""
                    className="list-icon"
                    src="pp-search-list-icon-active.png"
                  />
                </div>
                <div
                  onClick={[Function]}
                >
                  <svg
                    onMouseEnter={[Function]}
                    onMouseLeave={[Function]}
                    style={
                      Object {
                        "color": "rgba(0, 0, 0, 0.87)",
                        "display": "inline-block",
                        "fill": "currentColor",
                        "height": 24,
                        "muiPrepared": true,
                        "transition": "all 450ms cubic-bezier(0.23, 1, 0.32, 1) 0ms",
                        "userSelect": "none",
                        "width": 24,
                      }
                    }
                    viewBox="0 0 24 24"
                  >
                    <path
                      d="M19 9h-4V3H9v6H5l7 7 7-7zM5 18v2h14v-2H5z"
                    />
                  </svg>
                </div>
              </div>
            </div>
            <div>
              <h3
                className="searching-message"
              >
                Searching for
                 
                
                <div
                  className="spinner"
                />
              </h3>
            </div>
          </div>
        </div>
        <a
          className="d-block d-sm-none d-md-none d-lg-none d-xl-none"
          href="/new"
          onClick={[Function]}
        >
          <div
            className="addFAB"
            style={
              Object {
                "WebkitTapHighlightColor": "rgba(0,0,0,0)",
                "backgroundColor": "transparent",
                "borderRadius": "50%",
                "boxShadow": "0 3px 10px rgba(0, 0, 0, 0.16),
                       0 3px 10px rgba(0, 0, 0, 0.23)",
                "boxSizing": "border-box",
                "color": "rgba(0, 0, 0, 0.87)",
                "display": "inline-block",
                "fontFamily": "Roboto, sans-serif",
                "muiPrepared": true,
                "transition": "all 450ms cubic-bezier(0.23, 1, 0.32, 1) 0ms",
              }
            }
          >
            <button
              disabled={false}
              href={undefined}
              onBlur={[Function]}
              onClick={[Function]}
              onFocus={[Function]}
              onKeyDown={[Function]}
              onKeyUp={[Function]}
              onMouseDown={[Function]}
              onMouseEnter={[Function]}
              onMouseLeave={[Function]}
              onMouseUp={[Function]}
              onTouchEnd={[Function]}
              onTouchStart={[Function]}
              onTouchTap={[Function]}
              style={
                Object {
                  "WebkitTapHighlightColor": "rgba(0, 0, 0, 0)",
                  "backgroundColor": "#ff4081",
                  "border": 10,
                  "borderRadius": "50%",
                  "boxSizing": "border-box",
                  "cursor": "pointer",
                  "display": "inline-block",
                  "fontFamily": "Roboto, sans-serif",
                  "fontSize": "inherit",
                  "fontWeight": "inherit",
                  "height": 56,
                  "margin": 0,
                  "muiPrepared": true,
                  "outline": "none",
                  "overflow": "hidden",
                  "padding": 0,
                  "position": "relative",
                  "textAlign": "center",
                  "textDecoration": "none",
                  "transition": "all 450ms cubic-bezier(0.23, 1, 0.32, 1) 0ms",
                  "verticalAlign": "bottom",
                  "width": 56,
                  "zIndex": 1,
                }
              }
              tabIndex={0}
              type="button"
            >
              <div
                onMouseDown={[Function]}
                onMouseLeave={[Function]}
                onMouseUp={[Function]}
                onTouchEnd={[Function]}
                onTouchStart={[Function]}
              >
                <div
                  style={
                    Object {
                      "muiPrepared": true,
                      "top": 0,
                      "transition": "all 450ms cubic-bezier(0.23, 1, 0.32, 1) 0ms",
                    }
                  }
                >
                  <svg
                    onMouseEnter={[Function]}
                    onMouseLeave={[Function]}
                    style={
                      Object {
                        "color": "#ffffff",
                        "display": "inline-block",
                        "fill": "#ffffff",
                        "height": 56,
                        "lineHeight": "56px",
                        "muiPrepared": true,
                        "transition": "all 450ms cubic-bezier(0.23, 1, 0.32, 1) 0ms",
                        "userSelect": "none",
                        "width": 24,
                      }
                    }
                    viewBox="0 0 24 24"
                  >
                    <path
                      d="M19 13h-6v6h-2v-6H5v-2h6V5h2v6h6v2z"
                    />
                  </svg>
                </div>
              </div>
            </button>
          </div>
        </a>
      </div>
    </div>
  </div>
  <div
    className="footer-component"
  >
    <div
      className="mobile-footer pb-4 d-md-none d-lg-none d-xl-none container"
    >
      <div
        className="pt-4 row"
      >
        <div
          className="col-5 offset-1"
        >
          <a
            href="/about"
            onClick={[Function]}
          >
            <span>
              About
            </span>
          </a>
          <a
            href="/research"
            onClick={[Function]}
          >
            <span>
              Research
            </span>
          </a>
          <a
            href="/teaching"
            onClick={[Function]}
          >
            <span>
              Teaching
            </span>
          </a>
        </div>
        <div
          className="col-6"
        >
          <a
            href="/news"
            onClick={[Function]}
          >
            <span>
              News
            </span>
          </a>
          <span
            className="open-help"
            onClick={[Function]}
          >
            Help & Contact
          </span>
          <a
            href="/legal"
            onClick={[Function]}
          >
            <span>
              Terms of Use
            </span>
          </a>
        </div>
      </div>
      <div
        className="pt-4 row"
      >
        <div
          className="col-5 offset-1"
        >
          <a
            href="/cases"
            onClick={[Function]}
          >
            <span>
              Cases
            </span>
          </a>
          <a
            href="/methods"
            onClick={[Function]}
          >
            <span>
              Methods
            </span>
          </a>
          <a
            href="/organizations"
            onClick={[Function]}
          >
            <span>
              Organizations
            </span>
          </a>
        </div>
        <div
          className="col-6"
        >
          <a
            className="social-icons"
            href="https://www.facebook.com/Participedia/"
            rel="noopener noreferrer"
            target="_blank"
          >
            <img
              alt=""
              src="pp-social-fb.png"
            />
          </a>
          <a
            className="social-icons"
            href="https://twitter.com/participedia"
            rel="noopener noreferrer"
            target="_blank"
          >
            <img
              alt=""
              src="pp-social-tw.png"
            />
          </a>
          <a
            className="social-icons"
            href="https://www.linkedin.com/company/participedia"
            rel="noopener noreferrer"
            target="_blank"
          >
            <img
              alt=""
              src="pp-social-linkedin.png"
            />
          </a>
          <div
            className="pt-4 copyright-area"
          >
            <img
              alt=""
              src="cc-icon.png"
            />
            <span>
              Participedia 2017
            </span>
          </div>
        </div>
      </div>
    </div>
    <div
      className="expanded-footer d-lg-block d-md-block d-sm-none d-none container-fluid"
    >
      <div
        className="row"
      >
        <div
          className="col col-lg-6"
        >
          <div
            className="column list"
          >
            <a
              href="/about"
              onClick={[Function]}
            >
              <span>
                About
              </span>
            </a>
            <a
              href="/research"
              onClick={[Function]}
            >
              <span>
                Research
              </span>
            </a>
            <a
              href="/teaching"
              onClick={[Function]}
            >
              <span>
                Teaching
              </span>
            </a>
            <a
              href="/experiments"
              onClick={[Function]}
            >
              <span>
                Experiments
              </span>
            </a>
          </div>
          <div
            className="column list"
          >
            <a
              href="/cases"
              onClick={[Function]}
            >
              <span>
                Cases
              </span>
            </a>
            <a
              href="/methods"
              onClick={[Function]}
            >
              <span>
                Methods
              </span>
            </a>
            <a
              href="/organizations"
              onClick={[Function]}
            >
              <span>
                Organizations
              </span>
            </a>
          </div>
          <div
            className="column list"
          >
            <a
              href="/news"
              onClick={[Function]}
            >
              <span>
                News
              </span>
            </a>
            <span
              className="open-help"
              onClick={[Function]}
            >
              Help & Contact
            </span>
            <a
              href="/legal"
              onClick={[Function]}
            >
              <span>
                Terms of Use
              </span>
            </a>
          </div>
        </div>
        <div
          className="col col-lg-6"
        >
          <div
            className="column xl"
          >
            <h3
              className="medium"
            >
              Participedia
            </h3>
            <p
              className="blond"
            >
              <span>
                A global community sharing knowledge and stories about public participation
              </span>
            </p>
          </div>
          <div
            className="column right"
          >
            <a
              className="social-icons"
              href="https://www.facebook.com/Participedia/"
              rel="noopener noreferrer"
              target="_blank"
            >
              <img
                alt=""
                src="pp-social-fb.png"
              />
            </a>
            <a
              className="social-icons"
              href="https://twitter.com/participedia"
              rel="noopener noreferrer"
              target="_blank"
            >
              <img
                alt=""
                src="pp-social-tw.png"
              />
            </a>
            <a
              className="social-icons"
              href="https://www.linkedin.com/company/participedia"
              rel="noopener noreferrer"
              target="_blank"
            >
              <img
                alt=""
                src="pp-social-linkedin.png"
              />
            </a>
            <div
              className="copyright-area"
            >
              <img
                alt=""
                src="cc-icon.png"
              />
              <span>
                Participedia 2017
              </span>
            </div>
          </div>
        </div>
      </div>
    </div>
  </div>
</div>
`;

exports[`Searching for a word 1`] = `
<div>
  <div
    className="nav-bar-component"
  >
    <div
      className="nav-bar-wrapper"
    >
      <div
        className="logo-area"
      >
        <a
          className="menu-icon"
          onClick={[Function]}
        >
          <svg
            onMouseEnter={[Function]}
            onMouseLeave={[Function]}
            style={
              Object {
                "color": "rgba(0, 0, 0, 0.87)",
                "display": "inline-block",
                "fill": "white",
                "height": 32,
                "muiPrepared": true,
                "transition": "all 450ms cubic-bezier(0.23, 1, 0.32, 1) 0ms",
                "userSelect": "none",
                "width": 32,
              }
            }
            viewBox="0 0 24 24"
          >
            <path
              d="M3 18h18v-2H3v2zm0-5h18v-2H3v2zm0-7v2h18V6H3z"
            />
          </svg>
        </a>
        <a
          className="logo"
          href="/"
          onClick={[Function]}
        >
          Participedia
        </a>
      </div>
      <div
        className="search-box-area"
      >
        <input
          className="search-bar"
          onChange={[Function]}
          onKeyUp={[Function]}
          placeholder="Search"
          type="text"
          value=""
        />
      </div>
      <a
        className="d-none d-none d-md-block d-lg-block d-xl-block"
        href="/new"
        onClick={[Function]}
      >
        <div
          className="qs-button-case"
        >
          <div
            className="qs-button customButton"
            style={
              Object {
                "WebkitTapHighlightColor": "rgba(0,0,0,0)",
                "backgroundColor": "#ffffff",
                "borderRadius": 2,
                "boxShadow": "0 1px 6px rgba(0, 0, 0, 0.12),
                       0 1px 4px rgba(0, 0, 0, 0.12)",
                "boxSizing": "border-box",
                "color": "rgba(0, 0, 0, 0.87)",
                "display": "inline-block",
                "fontFamily": "Roboto, sans-serif",
                "minWidth": 88,
                "muiPrepared": true,
                "transition": "all 450ms cubic-bezier(0.23, 1, 0.32, 1) 0ms",
              }
            }
          >
            <button
              disabled={false}
              href={undefined}
              onBlur={[Function]}
              onClick={[Function]}
              onFocus={[Function]}
              onKeyDown={[Function]}
              onKeyUp={[Function]}
              onMouseDown={[Function]}
              onMouseEnter={[Function]}
              onMouseLeave={[Function]}
              onMouseUp={[Function]}
              onTouchEnd={[Function]}
              onTouchStart={[Function]}
              onTouchTap={[Function]}
              style={
                Object {
                  "WebkitTapHighlightColor": "rgba(0, 0, 0, 0)",
                  "backgroundColor": "#ffffff",
                  "border": 10,
                  "borderRadius": 2,
                  "boxSizing": "border-box",
                  "cursor": "pointer",
                  "display": "inline-block",
                  "fontFamily": "Roboto, sans-serif",
                  "fontSize": "inherit",
                  "fontWeight": "inherit",
                  "height": 36,
                  "lineHeight": "36px",
                  "margin": 0,
                  "muiPrepared": true,
                  "outline": "none",
                  "padding": 0,
                  "position": "relative",
                  "textAlign": "center",
                  "textDecoration": "none",
                  "transition": "all 450ms cubic-bezier(0.23, 1, 0.32, 1) 0ms",
                  "verticalAlign": null,
                  "width": "100%",
                  "zIndex": 1,
                }
              }
              tabIndex={0}
              type="button"
            >
              <div
                onMouseDown={[Function]}
                onMouseLeave={[Function]}
                onMouseUp={[Function]}
                onTouchEnd={[Function]}
                onTouchStart={[Function]}
              >
                <div
                  style={
                    Object {
                      "backgroundColor": false,
                      "borderRadius": 2,
                      "height": 36,
                      "muiPrepared": true,
                      "top": 0,
                      "transition": "all 450ms cubic-bezier(0.23, 1, 0.32, 1) 0ms",
                    }
                  }
                >
                  <svg
                    onMouseEnter={[Function]}
                    onMouseLeave={[Function]}
                    style={
                      Object {
                        "color": "rgba(0, 0, 0, 0.87)",
                        "display": "inline-block",
                        "fill": "rgba(0, 0, 0, 0.87)",
                        "height": 24,
                        "marginLeft": 12,
                        "marginRight": 0,
                        "muiPrepared": true,
                        "transition": "all 450ms cubic-bezier(0.23, 1, 0.32, 1) 0ms",
                        "userSelect": "none",
                        "verticalAlign": "middle",
                        "width": 24,
                      }
                    }
                    viewBox="0 0 24 24"
                  >
                    <path
                      d="M19 13h-6v6h-2v-6H5v-2h6V5h2v6h6v2z"
                    />
                  </svg>
                  <span
                    style={
                      Object {
                        "color": "rgba(0, 0, 0, 0.87)",
                        "fontSize": 14,
                        "fontWeight": 500,
                        "letterSpacing": 0,
                        "margin": 0,
                        "muiPrepared": true,
                        "opacity": 1,
                        "paddingLeft": 8,
                        "paddingRight": 16,
                        "position": "relative",
                        "textTransform": "uppercase",
                        "userSelect": "none",
                      }
                    }
                  >
                    Quick Submit
                  </span>
                </div>
              </div>
            </button>
          </div>
        </div>
      </a>
      <div
        className="loginButton"
      >
        <div
          className="customButton"
          style={
            Object {
              "WebkitTapHighlightColor": "rgba(0,0,0,0)",
              "backgroundColor": "#ffffff",
              "borderRadius": 2,
              "boxShadow": "0 1px 6px rgba(0, 0, 0, 0.12),
                     0 1px 4px rgba(0, 0, 0, 0.12)",
              "boxSizing": "border-box",
              "color": "rgba(0, 0, 0, 0.87)",
              "display": "inline-block",
              "fontFamily": "Roboto, sans-serif",
              "minWidth": 88,
              "muiPrepared": true,
              "transition": "all 450ms cubic-bezier(0.23, 1, 0.32, 1) 0ms",
            }
          }
        >
          <button
            disabled={false}
            href={undefined}
            onBlur={[Function]}
            onClick={[Function]}
            onFocus={[Function]}
            onKeyDown={[Function]}
            onKeyUp={[Function]}
            onMouseDown={[Function]}
            onMouseEnter={[Function]}
            onMouseLeave={[Function]}
            onMouseUp={[Function]}
            onTouchEnd={[Function]}
            onTouchStart={[Function]}
            onTouchTap={[Function]}
            style={
              Object {
                "WebkitTapHighlightColor": "rgba(0, 0, 0, 0)",
                "backgroundColor": "#444",
                "border": 10,
                "borderRadius": 2,
                "boxSizing": "border-box",
                "cursor": "pointer",
                "display": "inline-block",
                "fontFamily": "Roboto, sans-serif",
                "fontSize": "inherit",
                "fontWeight": "inherit",
                "height": 36,
                "lineHeight": "36px",
                "margin": 0,
                "muiPrepared": true,
                "outline": "none",
                "padding": 0,
                "position": "relative",
                "textAlign": "center",
                "textDecoration": "none",
                "transition": "all 450ms cubic-bezier(0.23, 1, 0.32, 1) 0ms",
                "verticalAlign": null,
                "width": "100%",
                "zIndex": 1,
              }
            }
            tabIndex={0}
            type="button"
          >
            <div
              onMouseDown={[Function]}
              onMouseLeave={[Function]}
              onMouseUp={[Function]}
              onTouchEnd={[Function]}
              onTouchStart={[Function]}
            >
              <div
                style={
                  Object {
                    "backgroundColor": false,
                    "borderRadius": 2,
                    "height": 36,
                    "muiPrepared": true,
                    "top": 0,
                    "transition": "all 450ms cubic-bezier(0.23, 1, 0.32, 1) 0ms",
                  }
                }
              >
                <span
                  style={
                    Object {
                      "color": "white",
                      "fontSize": 14,
                      "fontWeight": 500,
                      "letterSpacing": 0,
                      "margin": 0,
                      "muiPrepared": true,
                      "opacity": 1,
                      "paddingLeft": 16,
                      "paddingRight": 16,
                      "position": "relative",
                      "textTransform": "uppercase",
                      "userSelect": "none",
                    }
                  }
                >
                  Login
                </span>
              </div>
            </div>
          </button>
        </div>
      </div>
    </div>
  </div>
  <div
    className="drawer"
    style={undefined}
  >
    <div
      className={undefined}
      onTouchTap={[Function]}
      style={
        Object {
          "WebkitTapHighlightColor": "rgba(0, 0, 0, 0)",
          "backgroundColor": "rgba(0, 0, 0, 0.54)",
          "height": "100%",
          "left": "-100%",
          "muiPrepared": true,
          "opacity": 0,
          "pointerEvents": "none",
          "position": "fixed",
          "top": 0,
          "transform": "translateZ(0)",
          "transition": "left 0ms cubic-bezier(0.23, 1, 0.32, 1) 400ms, opacity 400ms cubic-bezier(0.23, 1, 0.32, 1) 0ms",
          "width": "100%",
          "willChange": "opacity",
          "zIndex": 1200,
        }
      }
    />
    <div
      className={undefined}
      style={
        Object {
          "WebkitOverflowScrolling": "touch",
          "WebkitTapHighlightColor": "rgba(0,0,0,0)",
          "backgroundColor": "#ffffff",
          "borderRadius": "0px",
          "boxShadow": "0 3px 10px rgba(0, 0, 0, 0.16),
                 0 3px 10px rgba(0, 0, 0, 0.23)",
          "boxSizing": "border-box",
          "color": "rgba(0, 0, 0, 0.87)",
          "fontFamily": "Roboto, sans-serif",
          "height": "100%",
          "left": 0,
          "muiPrepared": true,
          "overflow": "auto",
          "position": "fixed",
          "top": 0,
          "transform": "translate(-310px, 0)",
          "transition": "transform 450ms cubic-bezier(0.23, 1, 0.32, 1) 0ms",
          "width": 300,
          "zIndex": 1300,
        }
      }
    />
  </div>
  <div
    className="contentArea"
  >
    <div
      className="home"
    >
      <div
        className="main-contents"
      >
        <div
          className="search-results-component pb-3 container-fluid"
        >
          <div
            className="sidepanel d-none d-sm-none d-md-none d-lg-none d-xl-none col col-md-3"
          >
            <div
              className="sorting-options"
            >
              <p
                className="current-sorting-selection"
                onClick={[Function]}
              >
                Most Recent
              </p>
              <div
                className="unselected"
                onClick={[Function]}
              >
                <span>
                  Featured
                </span>
              </div>
              <div
                className="selected"
                onClick={[Function]}
              >
                <span>
                  Most Recent
                </span>
              </div>
              <div
                className="unselected"
                onClick={[Function]}
              >
                <span>
                  Alphabetical
                </span>
              </div>
            </div>
            <div
              className="featured-searches-area"
            >
              <div
                className="featured-searches-header"
              >
                <span>
                  Featured Searches
                </span>
              </div>
              <div
                className="featured-searches"
              >
                <div>
                  <div>
                    <a
                      href="/search?query=participatory%20budgeting"
                      onClick={[Function]}
                    >
                      <span>
                        Mention Participatory Budgeting
                      </span>
                    </a>
                  </div>
                  <div>
                    <a
                      href="/search?tag=infrastructure"
                      onClick={[Function]}
                    >
                      <span>
                        Tagged as: Infrastructure
                      </span>
                    </a>
                  </div>
                </div>
              </div>
            </div>
          </div>
          <div
            className="results-area col col-md-12"
          >
            <div
              className="clearfix search-actions-area"
            >
              <div
                className="filters d-none d-md-block d-lg-block d-xl-block"
              >
                <div
                  className="selected"
                >
                  <a
                    href="/"
                    onClick={[Function]}
                  >
                    <span>
                      All
                    </span>
                  </a>
                </div>
                <div
                  className="unselected"
                >
                  <a
                    href="/cases"
                    onClick={[Function]}
                  >
                    <span>
                      Cases
                    </span>
                  </a>
                </div>
                <div
                  className="unselected"
                >
                  <a
                    href="/methods"
                    onClick={[Function]}
                  >
                    <span>
                      Methods
                    </span>
                  </a>
                </div>
                <div
                  className="unselected"
                >
                  <a
                    href="/organizations"
                    onClick={[Function]}
                  >
                    <span>
                      Organizations
                    </span>
                  </a>
                </div>
              </div>
              <select
                className="mobile-select d-md-none"
                onChange={[Function]}
                value="All"
              >
                <option
                  value="All"
                >
                  All
                </option>
                <option
                  value="Cases"
                >
                  Cases
                </option>
                <option
                  value="Methods"
                >
                  Methods
                </option>
                <option
                  value="Organizations"
                >
                  Organizations
                </option>
              </select>
              <div
                className="view-types d-none d-md-block d-lg-block d-xl-block"
              >
                <div
                  className="selected"
                  onClick={[Function]}
                >
                  <img
                    alt=""
                    className="grid-icon"
                    src="pp-search-grid-icon.png"
                  />
                  <img
                    alt=""
                    className="grid-icon"
                    src="pp-search-grid-icon-active.png"
                  />
                </div>
                <div
                  className="unselected"
                  onClick={[Function]}
                >
                  <img
                    alt=""
                    className="list-icon"
                    src="pp-search-list-icon.png"
                  />
                  <img
                    alt=""
                    className="list-icon"
                    src="pp-search-list-icon-active.png"
                  />
                </div>
                <div
                  onClick={[Function]}
                >
                  <svg
                    onMouseEnter={[Function]}
                    onMouseLeave={[Function]}
                    style={
                      Object {
                        "color": "rgba(0, 0, 0, 0.87)",
                        "display": "inline-block",
                        "fill": "currentColor",
                        "height": 24,
                        "muiPrepared": true,
                        "transition": "all 450ms cubic-bezier(0.23, 1, 0.32, 1) 0ms",
                        "userSelect": "none",
                        "width": 24,
                      }
                    }
                    viewBox="0 0 24 24"
                  >
                    <path
                      d="M19 9h-4V3H9v6H5l7 7 7-7zM5 18v2h14v-2H5z"
                    />
                  </svg>
                </div>
              </div>
            </div>
            <div>
              <h3
                className="searching-message"
              >
                Searching for
                 
                
                <div
                  className="spinner"
                />
              </h3>
            </div>
          </div>
        </div>
        <a
          className="d-block d-sm-none d-md-none d-lg-none d-xl-none"
          href="/new"
          onClick={[Function]}
        >
          <div
            className="addFAB"
            style={
              Object {
                "WebkitTapHighlightColor": "rgba(0,0,0,0)",
                "backgroundColor": "transparent",
                "borderRadius": "50%",
                "boxShadow": "0 3px 10px rgba(0, 0, 0, 0.16),
                       0 3px 10px rgba(0, 0, 0, 0.23)",
                "boxSizing": "border-box",
                "color": "rgba(0, 0, 0, 0.87)",
                "display": "inline-block",
                "fontFamily": "Roboto, sans-serif",
                "muiPrepared": true,
                "transition": "all 450ms cubic-bezier(0.23, 1, 0.32, 1) 0ms",
              }
            }
          >
            <button
              disabled={false}
              href={undefined}
              onBlur={[Function]}
              onClick={[Function]}
              onFocus={[Function]}
              onKeyDown={[Function]}
              onKeyUp={[Function]}
              onMouseDown={[Function]}
              onMouseEnter={[Function]}
              onMouseLeave={[Function]}
              onMouseUp={[Function]}
              onTouchEnd={[Function]}
              onTouchStart={[Function]}
              onTouchTap={[Function]}
              style={
                Object {
                  "WebkitTapHighlightColor": "rgba(0, 0, 0, 0)",
                  "backgroundColor": "#ff4081",
                  "border": 10,
                  "borderRadius": "50%",
                  "boxSizing": "border-box",
                  "cursor": "pointer",
                  "display": "inline-block",
                  "fontFamily": "Roboto, sans-serif",
                  "fontSize": "inherit",
                  "fontWeight": "inherit",
                  "height": 56,
                  "margin": 0,
                  "muiPrepared": true,
                  "outline": "none",
                  "overflow": "hidden",
                  "padding": 0,
                  "position": "relative",
                  "textAlign": "center",
                  "textDecoration": "none",
                  "transition": "all 450ms cubic-bezier(0.23, 1, 0.32, 1) 0ms",
                  "verticalAlign": "bottom",
                  "width": 56,
                  "zIndex": 1,
                }
              }
              tabIndex={0}
              type="button"
            >
              <div
                onMouseDown={[Function]}
                onMouseLeave={[Function]}
                onMouseUp={[Function]}
                onTouchEnd={[Function]}
                onTouchStart={[Function]}
              >
                <div
                  style={
                    Object {
                      "muiPrepared": true,
                      "top": 0,
                      "transition": "all 450ms cubic-bezier(0.23, 1, 0.32, 1) 0ms",
                    }
                  }
                >
                  <svg
                    onMouseEnter={[Function]}
                    onMouseLeave={[Function]}
                    style={
                      Object {
                        "color": "#ffffff",
                        "display": "inline-block",
                        "fill": "#ffffff",
                        "height": 56,
                        "lineHeight": "56px",
                        "muiPrepared": true,
                        "transition": "all 450ms cubic-bezier(0.23, 1, 0.32, 1) 0ms",
                        "userSelect": "none",
                        "width": 24,
                      }
                    }
                    viewBox="0 0 24 24"
                  >
                    <path
                      d="M19 13h-6v6h-2v-6H5v-2h6V5h2v6h6v2z"
                    />
                  </svg>
                </div>
              </div>
            </button>
          </div>
        </a>
      </div>
    </div>
  </div>
  <div
    className="footer-component"
  >
    <div
      className="mobile-footer pb-4 d-md-none d-lg-none d-xl-none container"
    >
      <div
        className="pt-4 row"
      >
        <div
          className="col-5 offset-1"
        >
          <a
            href="/about"
            onClick={[Function]}
          >
            <span>
              About
            </span>
          </a>
          <a
            href="/research"
            onClick={[Function]}
          >
            <span>
              Research
            </span>
          </a>
          <a
            href="/teaching"
            onClick={[Function]}
          >
            <span>
              Teaching
            </span>
          </a>
        </div>
        <div
          className="col-6"
        >
          <a
            href="/news"
            onClick={[Function]}
          >
            <span>
              News
            </span>
          </a>
          <span
            className="open-help"
            onClick={[Function]}
          >
            Help & Contact
          </span>
          <a
            href="/legal"
            onClick={[Function]}
          >
            <span>
              Terms of Use
            </span>
          </a>
        </div>
      </div>
      <div
        className="pt-4 row"
      >
        <div
          className="col-5 offset-1"
        >
          <a
            href="/cases"
            onClick={[Function]}
          >
            <span>
              Cases
            </span>
          </a>
          <a
            href="/methods"
            onClick={[Function]}
          >
            <span>
              Methods
            </span>
          </a>
          <a
            href="/organizations"
            onClick={[Function]}
          >
            <span>
              Organizations
            </span>
          </a>
        </div>
        <div
          className="col-6"
        >
          <a
            className="social-icons"
            href="https://www.facebook.com/Participedia/"
            rel="noopener noreferrer"
            target="_blank"
          >
            <img
              alt=""
              src="pp-social-fb.png"
            />
          </a>
          <a
            className="social-icons"
            href="https://twitter.com/participedia"
            rel="noopener noreferrer"
            target="_blank"
          >
            <img
              alt=""
              src="pp-social-tw.png"
            />
          </a>
          <a
            className="social-icons"
            href="https://www.linkedin.com/company/participedia"
            rel="noopener noreferrer"
            target="_blank"
          >
            <img
              alt=""
              src="pp-social-linkedin.png"
            />
          </a>
          <div
            className="pt-4 copyright-area"
          >
            <img
              alt=""
              src="cc-icon.png"
            />
            <span>
              Participedia 2017
            </span>
          </div>
        </div>
      </div>
    </div>
    <div
      className="expanded-footer d-lg-block d-md-block d-sm-none d-none container-fluid"
    >
      <div
        className="row"
      >
        <div
          className="col col-lg-6"
        >
          <div
            className="column list"
          >
            <a
              href="/about"
              onClick={[Function]}
            >
              <span>
                About
              </span>
            </a>
            <a
              href="/research"
              onClick={[Function]}
            >
              <span>
                Research
              </span>
            </a>
            <a
              href="/teaching"
              onClick={[Function]}
            >
              <span>
                Teaching
              </span>
            </a>
            <a
              href="/experiments"
              onClick={[Function]}
            >
              <span>
                Experiments
              </span>
            </a>
          </div>
          <div
            className="column list"
          >
            <a
              href="/cases"
              onClick={[Function]}
            >
              <span>
                Cases
              </span>
            </a>
            <a
              href="/methods"
              onClick={[Function]}
            >
              <span>
                Methods
              </span>
            </a>
            <a
              href="/organizations"
              onClick={[Function]}
            >
              <span>
                Organizations
              </span>
            </a>
          </div>
          <div
            className="column list"
          >
            <a
              href="/news"
              onClick={[Function]}
            >
              <span>
                News
              </span>
            </a>
            <span
              className="open-help"
              onClick={[Function]}
            >
              Help & Contact
            </span>
            <a
              href="/legal"
              onClick={[Function]}
            >
              <span>
                Terms of Use
              </span>
            </a>
          </div>
        </div>
        <div
          className="col col-lg-6"
        >
          <div
            className="column xl"
          >
            <h3
              className="medium"
            >
              Participedia
            </h3>
            <p
              className="blond"
            >
              <span>
                A global community sharing knowledge and stories about public participation
              </span>
            </p>
          </div>
          <div
            className="column right"
          >
            <a
              className="social-icons"
              href="https://www.facebook.com/Participedia/"
              rel="noopener noreferrer"
              target="_blank"
            >
              <img
                alt=""
                src="pp-social-fb.png"
              />
            </a>
            <a
              className="social-icons"
              href="https://twitter.com/participedia"
              rel="noopener noreferrer"
              target="_blank"
            >
              <img
                alt=""
                src="pp-social-tw.png"
              />
            </a>
            <a
              className="social-icons"
              href="https://www.linkedin.com/company/participedia"
              rel="noopener noreferrer"
              target="_blank"
            >
              <img
                alt=""
                src="pp-social-linkedin.png"
              />
            </a>
            <div
              className="copyright-area"
            >
              <img
                alt=""
                src="cc-icon.png"
              />
              <span>
                Participedia 2017
              </span>
            </div>
          </div>
        </div>
      </div>
    </div>
  </div>
</div>
`;
